// Jest Snapshot v1, https://goo.gl/fbAQLP

exports[`SelectToken.vue should renders correctly 1`] = `
<s-dialog-stub
  closeonclickmodal="true"
  closeonesc="true"
  customclass=""
  lockscroll="true"
  modal="true"
  modalappendtobody="true"
  showclose="true"
  title=""
  top="auto"
  visible="true"
  width="600px"
>
  <s-input-stub
    accept=""
    autocomplete="off"
    form=""
    label=""
    name=""
    placeholder=""
    tabindex=""
    type="text"
    value=""
  />
   
  <div
    class="token-list"
  >
    <div
      class="token-item"
    >
      <s-col-stub
        offset="0"
        pull="0"
        push="0"
        span="12"
      >
        <s-row-stub
          align="middle"
          flex="true"
          gutter="0"
          justify="start"
        >
          <div
            class="token-item_logo"
          />
           
          <div>
            <div
              class="token-item_name"
            >
              Sora (XOR)
            </div>
             
            <s-row-stub
              align="middle"
              flex="true"
              gutter="0"
              justify="start"
            >
              <div
                class="token-item_price"
              >
                $55.1
              </div>
               
              <div
                class="token-item_price-change positive"
              >
                +12%
              </div>
            </s-row-stub>
          </div>
        </s-row-stub>
      </s-col-stub>
    </div>
    <div
      class="token-item"
    >
      <s-col-stub
        offset="0"
        pull="0"
        push="0"
        span="12"
      >
        <s-row-stub
          align="middle"
          flex="true"
          gutter="0"
          justify="start"
        >
          <div
            class="token-item_logo"
          />
           
          <div>
            <div
              class="token-item_name"
            >
              Kusama (KSM)
            </div>
             
            <s-row-stub
              align="middle"
              flex="true"
              gutter="0"
              justify="start"
            >
              <div
                class="token-item_price"
              >
                $0.0055
              </div>
               
              <div
                class="token-item_price-change positive"
              >
                +12%
              </div>
            </s-row-stub>
          </div>
        </s-row-stub>
      </s-col-stub>
    </div>
    <div
      class="token-item"
    >
      <s-col-stub
        offset="0"
        pull="0"
        push="0"
        span="12"
      >
        <s-row-stub
          align="middle"
          flex="true"
          gutter="0"
          justify="start"
        >
          <div
            class="token-item_logo"
          />
           
          <div>
            <div
              class="token-item_name"
            >
              Ether (ETH)
            </div>
             
            <s-row-stub
              align="middle"
              flex="true"
              gutter="0"
              justify="start"
            >
              <div
                class="token-item_price"
              >
                $0.0099
              </div>
               
              <div
                class="token-item_price-change negative"
              >
                -12%
              </div>
            </s-row-stub>
          </div>
        </s-row-stub>
      </s-col-stub>
    </div>
  </div>
</s-dialog-stub>
`;
